// Jest Snapshot v1, https://goo.gl/fbAQLP

exports[`<Button /> should match snapchot 1`] = `
<div>
  <button
    class="sc-bcXHqe bSgEa"
  >
    children
  </button>
</div>
`;
