// Jest Snapshot v1, https://goo.gl/fbAQLP

exports[`<TextComponent /> should render 1`] = `
<div>
  <p
    class="sc-bcXHqe eXpOPX"
  >
    children
  </p>
</div>
`;

exports[`<TextComponent /> should render a text 1`] = `
<div>
  <p
    class="sc-bcXHqe eXpOPX"
  >
    children
  </p>
</div>
`;
