// Jest Snapshot v1, https://goo.gl/fbAQLP

exports[`<Heading /> should match snapshot 1`] = `
<div>
  <h2
    class="sc-bcXHqe ikyZAV"
  >
    texto
  </h2>
</div>
`;
